2017-04-24T11:39:49.387Z 172.31.8.36 - - [24/Apr/2017:11:39:41 +0000] "GET /rest/user/position/user/84 HTTP/1.1" 200 1517 "https://assess.thinktalentindianext.net/user/position" "Mozilla/5.0 (X11; Linux x86_64) AppleWebKit/537.36 (KHTML, like Gecko) Chrome/54.0.2840.59 Safari/537.36"
2017-04-24T11:39:49.388Z 172.31.8.36 - - [24/Apr/2017:11:39:45 +0000] "GET /rest/user/position/185 HTTP/1.1" 200 946 "https://assess.thinktalentindianext.net/user/position/185" "Mozilla/5.0 (X11; Linux x86_64) AppleWebKit/537.36 (KHTML, like Gecko) Chrome/54.0.2840.59 Safari/537.36"
2017-04-24T11:40:07.394Z 172.31.19.87 - - [24/Apr/2017:11:40:06 +0000] "GET / HTTP/1.1" 200 69 "https://us-west-2.console.aws.amazon.com/elasticbeanstalk/home?region=us-west-2" "Mozilla/5.0 (Windows NT 10.0; Win64; x64) AppleWebKit/537.36 (KHTML, like Gecko) Chrome/57.0.2987.133 Safari/537.36"
2017-04-24T11:40:08.394Z 172.31.19.87 - - [24/Apr/2017:11:40:07 +0000] "GET /favicon.ico HTTP/1.1" 200 - "https://prod-assess.p2dzjdf9pt.us-west-2.elasticbeanstalk.com/" "Mozilla/5.0 (Windows NT 10.0; Win64; x64) AppleWebKit/537.36 (KHTML, like Gecko) Chrome/57.0.2987.133 Safari/537.36"
2017-04-24T11:40:42.404Z 172.31.8.36 - - [24/Apr/2017:11:40:41 +0000] "GET /rest/user/position/user/84 HTTP/1.1" 200 1517 "https://assess.thinktalentindianext.net/user/position" "Mozilla/5.0 (X11; Linux x86_64) AppleWebKit/537.36 (KHTML, like Gecko) Chrome/54.0.2840.59 Safari/537.36"
2017-04-24T11:40:46.405Z 172.31.8.36 - - [24/Apr/2017:11:40:45 +0000] "GET /rest/user/position/185 HTTP/1.1" 200 946 "https://assess.thinktalentindianext.net/user/position/185" "Mozilla/5.0 (X11; Linux x86_64) AppleWebKit/537.36 (KHTML, like Gecko) Chrome/54.0.2840.59 Safari/537.36"
2017-04-24T11:41:42.422Z 172.31.8.36 - - [24/Apr/2017:11:41:41 +0000] "GET /rest/user/position/user/84 HTTP/1.1" 200 1517 "https://assess.thinktalentindianext.net/user/position" "Mozilla/5.0 (X11; Linux x86_64) AppleWebKit/537.36 (KHTML, like Gecko) Chrome/54.0.2840.59 Safari/537.36"
2017-04-24T11:41:46.423Z 172.31.8.36 - - [24/Apr/2017:11:41:45 +0000] "GET /rest/user/position/185 HTTP/1.1" 200 946 "https://assess.thinktalentindianext.net/user/position/185" "Mozilla/5.0 (X11; Linux x86_64) AppleWebKit/537.36 (KHTML, like Gecko) Chrome/54.0.2840.59 Safari/537.36"
2017-04-24T11:42:20.830Z 172.31.35.179 - - [24/Apr/2017:11:42:05 +0000] "OPTIONS /rest/client/position/client/7 HTTP/1.1" 200 - "https://assess.thinktalentindianext.net/client/position" "Mozilla/5.0 (Windows NT 6.2; WOW64) AppleWebKit/537.36 (KHTML, like Gecko) Chrome/57.0.2987.133 Safari/537.36"
2017-04-24T11:42:20.830Z 172.31.35.179 - - [24/Apr/2017:11:42:06 +0000] "OPTIONS /rest/client/7 HTTP/1.1" 200 - "https://assess.thinktalentindianext.net/client/position" "Mozilla/5.0 (Windows NT 6.2; WOW64) AppleWebKit/537.36 (KHTML, like Gecko) Chrome/57.0.2987.133 Safari/537.36"
2017-04-24T11:42:20.830Z 172.31.35.179 - - [24/Apr/2017:11:42:20 +0000] "GET /rest/client/position/client/7 HTTP/1.1" 200 373 "https://assess.thinktalentindianext.net/client/position" "Mozilla/5.0 (Windows NT 6.2; WOW64) AppleWebKit/537.36 (KHTML, like Gecko) Chrome/57.0.2987.133 Safari/537.36"
2017-04-24T11:42:20.830Z 172.31.35.179 - - [24/Apr/2017:11:42:20 +0000] "GET /rest/client/7 HTTP/1.1" 200 191 "https://assess.thinktalentindianext.net/client/position" "Mozilla/5.0 (Windows NT 6.2; WOW64) AppleWebKit/537.36 (KHTML, like Gecko) Chrome/57.0.2987.133 Safari/537.36"
2017-04-24T11:42:21.830Z 172.31.35.179 - - [24/Apr/2017:11:42:20 +0000] "OPTIONS /rest/client/position/progressCount/7 HTTP/1.1" 200 - "https://assess.thinktalentindianext.net/client/position" "Mozilla/5.0 (Windows NT 6.2; WOW64) AppleWebKit/537.36 (KHTML, like Gecko) Chrome/57.0.2987.133 Safari/537.36"
2017-04-24T11:42:21.830Z 172.31.35.179 - - [24/Apr/2017:11:42:21 +0000] "GET /rest/client/position/progressCount/7 HTTP/1.1" 200 39 "https://assess.thinktalentindianext.net/client/position" "Mozilla/5.0 (Windows NT 6.2; WOW64) AppleWebKit/537.36 (KHTML, like Gecko) Chrome/57.0.2987.133 Safari/537.36"
2017-04-24T11:42:46.837Z 172.31.8.36 - - [24/Apr/2017:11:42:45 +0000] "GET /rest/user/position/185 HTTP/1.1" 200 946 "https://assess.thinktalentindianext.net/user/position/185" "Mozilla/5.0 (X11; Linux x86_64) AppleWebKit/537.36 (KHTML, like Gecko) Chrome/54.0.2840.59 Safari/537.36"
2017-04-24T11:43:21.847Z 172.31.35.179 - - [24/Apr/2017:11:43:20 +0000] "POST /rest/client/login HTTP/1.1" 200 250 "-" "Apache-HttpClient/4.4 (Java 1.5 minimum; Java/1.8.0_121)"
2017-04-24T11:43:24.848Z 172.31.35.179 - - [24/Apr/2017:11:43:24 +0000] "GET /rest/client/position/client/7 HTTP/1.1" 200 373 "https://assess.thinktalentindianext.net/client/position" "Mozilla/5.0 (Windows NT 6.2; WOW64) AppleWebKit/537.36 (KHTML, like Gecko) Chrome/57.0.2987.133 Safari/537.36"
2017-04-24T11:43:24.848Z 172.31.35.179 - - [24/Apr/2017:11:43:24 +0000] "GET /rest/client/7 HTTP/1.1" 200 186 "https://assess.thinktalentindianext.net/client/position" "Mozilla/5.0 (Windows NT 6.2; WOW64) AppleWebKit/537.36 (KHTML, like Gecko) Chrome/57.0.2987.133 Safari/537.36"
2017-04-24T11:43:25.848Z 172.31.35.179 - - [24/Apr/2017:11:43:25 +0000] "GET /rest/client/position/progressCount/7 HTTP/1.1" 200 39 "https://assess.thinktalentindianext.net/client/position" "Mozilla/5.0 (Windows NT 6.2; WOW64) AppleWebKit/537.36 (KHTML, like Gecko) Chrome/57.0.2987.133 Safari/537.36"
2017-04-24T11:43:28.849Z 172.31.35.179 - - [24/Apr/2017:11:43:28 +0000] "OPTIONS /rest/client/position-user/position/73 HTTP/1.1" 200 - "https://assess.thinktalentindianext.net/client/position/73" "Mozilla/5.0 (Windows NT 6.2; WOW64) AppleWebKit/537.36 (KHTML, like Gecko) Chrome/57.0.2987.133 Safari/537.36"
2017-04-24T11:43:28.849Z 172.31.35.179 - - [24/Apr/2017:11:43:28 +0000] "OPTIONS /rest/client/position/73 HTTP/1.1" 200 - "https://assess.thinktalentindianext.net/client/position/73" "Mozilla/5.0 (Windows NT 6.2; WOW64) AppleWebKit/537.36 (KHTML, like Gecko) Chrome/57.0.2987.133 Safari/537.36"
2017-04-24T11:43:29.850Z 172.31.35.179 - - [24/Apr/2017:11:43:29 +0000] "OPTIONS /rest/client/position-user/examStatusCount/73 HTTP/1.1" 200 - "https://assess.thinktalentindianext.net/client/position/73" "Mozilla/5.0 (Windows NT 6.2; WOW64) AppleWebKit/537.36 (KHTML, like Gecko) Chrome/57.0.2987.133 Safari/537.36"
2017-04-24T11:43:29.850Z 172.31.35.179 - - [24/Apr/2017:11:43:29 +0000] "OPTIONS /rest/client/score/73 HTTP/1.1" 200 - "https://assess.thinktalentindianext.net/client/position/73" "Mozilla/5.0 (Windows NT 6.2; WOW64) AppleWebKit/537.36 (KHTML, like Gecko) Chrome/57.0.2987.133 Safari/537.36"
2017-04-24T11:43:29.850Z 172.31.35.179 - - [24/Apr/2017:11:43:29 +0000] "GET /rest/client/position/73 HTTP/1.1" 200 389 "https://assess.thinktalentindianext.net/client/position/73" "Mozilla/5.0 (Windows NT 6.2; WOW64) AppleWebKit/537.36 (KHTML, like Gecko) Chrome/57.0.2987.133 Safari/537.36"
2017-04-24T11:43:29.850Z 172.31.35.179 - - [24/Apr/2017:11:43:29 +0000] "GET /rest/client/position-user/examStatusCount/73 HTTP/1.1" 200 35 "https://assess.thinktalentindianext.net/client/position/73" "Mozilla/5.0 (Windows NT 6.2; WOW64) AppleWebKit/537.36 (KHTML, like Gecko) Chrome/57.0.2987.133 Safari/537.36"
2017-04-24T11:43:29.850Z 172.31.35.179 - - [24/Apr/2017:11:43:29 +0000] "GET /rest/client/score/73 HTTP/1.1" 415 3687 "https://assess.thinktalentindianext.net/client/position/73" "Mozilla/5.0 (Windows NT 6.2; WOW64) AppleWebKit/537.36 (KHTML, like Gecko) Chrome/57.0.2987.133 Safari/537.36"
2017-04-24T11:43:30.850Z 172.31.35.179 - - [24/Apr/2017:11:43:29 +0000] "GET /rest/client/position-user/position/73 HTTP/1.1" 200 948 "https://assess.thinktalentindianext.net/client/position/73" "Mozilla/5.0 (Windows NT 6.2; WOW64) AppleWebKit/537.36 (KHTML, like Gecko) Chrome/57.0.2987.133 Safari/537.36"
2017-04-24T11:43:30.850Z 172.31.35.179 - - [24/Apr/2017:11:43:30 +0000] "GET /rest/client/score/73 HTTP/1.1" 415 3687 "https://assess.thinktalentindianext.net/client/position/73" "Mozilla/5.0 (Windows NT 6.2; WOW64) AppleWebKit/537.36 (KHTML, like Gecko) Chrome/57.0.2987.133 Safari/537.36"
2017-04-24T11:43:34.852Z 172.31.35.179 - - [24/Apr/2017:11:43:34 +0000] "OPTIONS /rest/client/position-user/send-mail HTTP/1.1" 200 - "https://assess.thinktalentindianext.net/client/position/73" "Mozilla/5.0 (Windows NT 6.2; WOW64) AppleWebKit/537.36 (KHTML, like Gecko) Chrome/57.0.2987.133 Safari/537.36"
2017-04-24T11:43:35.852Z 172.31.35.179 - - [24/Apr/2017:11:43:34 +0000] "POST /rest/client/position-user/send-mail HTTP/1.1" 200 55 "https://assess.thinktalentindianext.net/client/position/73" "Mozilla/5.0 (Windows NT 6.2; WOW64) AppleWebKit/537.36 (KHTML, like Gecko) Chrome/57.0.2987.133 Safari/537.36"
2017-04-24T11:43:42.854Z 172.31.8.36 - - [24/Apr/2017:11:43:41 +0000] "GET /rest/user/position/user/84 HTTP/1.1" 200 1519 "https://assess.thinktalentindianext.net/user/position" "Mozilla/5.0 (X11; Linux x86_64) AppleWebKit/537.36 (KHTML, like Gecko) Chrome/54.0.2840.59 Safari/537.36"
2017-04-24T11:43:46.856Z 172.31.8.36 - - [24/Apr/2017:11:43:45 +0000] "GET /rest/user/position/185 HTTP/1.1" 200 949 "https://assess.thinktalentindianext.net/user/position/185" "Mozilla/5.0 (X11; Linux x86_64) AppleWebKit/537.36 (KHTML, like Gecko) Chrome/54.0.2840.59 Safari/537.36"
2017-04-24T11:44:14.864Z 172.31.19.87 - - [24/Apr/2017:11:44:14 +0000] "POST /rest/user HTTP/1.1" 200 165 "-" "Apache-HttpClient/4.4 (Java 1.5 minimum; Java/1.8.0_121)"
2017-04-24T11:44:17.865Z 172.31.35.179 - - [24/Apr/2017:11:44:17 +0000] "OPTIONS /rest/user/position/user/84 HTTP/1.1" 200 - "-" "Mozilla/5.0 (X11; Ubuntu; Linux x86_64; rv:53.0) Gecko/20100101 Firefox/53.0"
2017-04-24T11:44:17.865Z 172.31.35.179 - - [24/Apr/2017:11:44:17 +0000] "GET /rest/user/position/user/84 HTTP/1.1" 200 1519 "https://assess.thinktalentindianext.net/user/position" "Mozilla/5.0 (X11; Ubuntu; Linux x86_64; rv:53.0) Gecko/20100101 Firefox/53.0"
2017-04-24T11:44:20.866Z 172.31.19.87 - - [24/Apr/2017:11:44:20 +0000] "GET /rest/client/position-user/185 HTTP/1.1" 200 944 "-" "Apache-HttpClient/4.4 (Java 1.5 minimum; Java/1.8.0_121)"
2017-04-24T11:44:21.866Z 172.31.35.179 - - [24/Apr/2017:11:44:21 +0000] "OPTIONS /rest/user/position/185 HTTP/1.1" 200 - "-" "Mozilla/5.0 (X11; Ubuntu; Linux x86_64; rv:53.0) Gecko/20100101 Firefox/53.0"
2017-04-24T11:44:22.867Z 172.31.35.179 - - [24/Apr/2017:11:44:21 +0000] "GET /rest/user/position/185 HTTP/1.1" 200 949 "https://assess.thinktalentindianext.net/user/position/185" "Mozilla/5.0 (X11; Ubuntu; Linux x86_64; rv:53.0) Gecko/20100101 Firefox/53.0"
2017-04-24T11:44:25.868Z 172.31.35.179 - - [24/Apr/2017:11:44:25 +0000] "OPTIONS /rest/user/position/test/281 HTTP/1.1" 200 - "-" "Mozilla/5.0 (X11; Ubuntu; Linux x86_64; rv:53.0) Gecko/20100101 Firefox/53.0"
2017-04-24T11:44:26.868Z 172.31.35.179 - - [24/Apr/2017:11:44:25 +0000] "GET /rest/user/position/test/281 HTTP/1.1" 200 938 "https://assess.thinktalentindianext.net/user/test/281" "Mozilla/5.0 (X11; Ubuntu; Linux x86_64; rv:53.0) Gecko/20100101 Firefox/53.0"
2017-04-24T11:44:30.870Z 172.31.19.87 - - [24/Apr/2017:11:44:29 +0000] "GET /rest/user/test/281 HTTP/1.1" 200 6805 "-" "Apache-HttpClient/4.4 (Java 1.5 minimum; Java/1.8.0_121)"
2017-04-24T11:44:31.871Z 172.31.35.179 - - [24/Apr/2017:11:44:31 +0000] "OPTIONS /rest/user/test/281 HTTP/1.1" 200 - "-" "Mozilla/5.0 (X11; Ubuntu; Linux x86_64; rv:53.0) Gecko/20100101 Firefox/53.0"
2017-04-24T11:44:31.871Z 172.31.35.179 - - [24/Apr/2017:11:44:31 +0000] "GET /rest/user/test/281 HTTP/1.1" 200 6899 "https://assess.thinktalentindianext.net/user/test?testElgId=sS8e46ahVkYVIX2umc22rg%3D%3D" "Mozilla/5.0 (X11; Ubuntu; Linux x86_64; rv:53.0) Gecko/20100101 Firefox/53.0"
2017-04-24T11:44:31.871Z 172.31.35.179 - - [24/Apr/2017:11:44:31 +0000] "OPTIONS /rest/user/test/response/281 HTTP/1.1" 200 - "-" "Mozilla/5.0 (X11; Ubuntu; Linux x86_64; rv:53.0) Gecko/20100101 Firefox/53.0"
2017-04-24T11:44:32.871Z 172.31.35.179 - - [24/Apr/2017:11:44:32 +0000] "GET /rest/user/test/response/281 HTTP/1.1" 200 3793 "https://assess.thinktalentindianext.net/user/test?testElgId=sS8e46ahVkYVIX2umc22rg%3D%3D" "Mozilla/5.0 (X11; Ubuntu; Linux x86_64; rv:53.0) Gecko/20100101 Firefox/53.0"
2017-04-24T11:44:40.874Z 172.31.35.179 - - [24/Apr/2017:11:44:40 +0000] "OPTIONS /rest/user/test HTTP/1.1" 200 - "-" "Mozilla/5.0 (X11; Ubuntu; Linux x86_64; rv:53.0) Gecko/20100101 Firefox/53.0"
2017-04-24T11:44:40.874Z 172.31.35.179 - - [24/Apr/2017:11:44:40 +0000] "POST /rest/user/test HTTP/1.1" 200 129 "https://assess.thinktalentindianext.net/user/test?testElgId=sS8e46ahVkYVIX2umc22rg%3D%3D" "Mozilla/5.0 (X11; Ubuntu; Linux x86_64; rv:53.0) Gecko/20100101 Firefox/53.0"
2017-04-24T11:44:42.875Z 172.31.8.36 - - [24/Apr/2017:11:44:41 +0000] "GET /rest/user/position/user/84 HTTP/1.1" 200 1519 "https://assess.thinktalentindianext.net/user/position" "Mozilla/5.0 (X11; Linux x86_64) AppleWebKit/537.36 (KHTML, like Gecko) Chrome/54.0.2840.59 Safari/537.36"
2017-04-24T11:44:46.876Z 172.31.8.36 - - [24/Apr/2017:11:44:45 +0000] "GET /rest/user/position/185 HTTP/1.1" 200 949 "https://assess.thinktalentindianext.net/user/position/185" "Mozilla/5.0 (X11; Linux x86_64) AppleWebKit/537.36 (KHTML, like Gecko) Chrome/54.0.2840.59 Safari/537.36"
2017-04-24T11:44:53.878Z 172.31.35.179 - - [24/Apr/2017:11:44:53 +0000] "POST /rest/user/test HTTP/1.1" 200 124 "https://assess.thinktalentindianext.net/user/test?testElgId=sS8e46ahVkYVIX2umc22rg%3D%3D" "Mozilla/5.0 (X11; Ubuntu; Linux x86_64; rv:53.0) Gecko/20100101 Firefox/53.0"
2017-04-24T11:44:56.879Z 172.31.35.179 - - [24/Apr/2017:11:44:56 +0000] "POST /rest/user/test HTTP/1.1" 200 125 "https://assess.thinktalentindianext.net/user/test?testElgId=sS8e46ahVkYVIX2umc22rg%3D%3D" "Mozilla/5.0 (X11; Ubuntu; Linux x86_64; rv:53.0) Gecko/20100101 Firefox/53.0"
2017-04-24T11:45:16.886Z 172.31.35.179 - - [24/Apr/2017:11:45:16 +0000] "GET /rest/user/position/user/84 HTTP/1.1" 200 1519 "https://assess.thinktalentindianext.net/user/position" "Mozilla/5.0 (X11; Ubuntu; Linux x86_64; rv:53.0) Gecko/20100101 Firefox/53.0"
2017-04-24T11:45:21.887Z 172.31.35.179 - - [24/Apr/2017:11:45:21 +0000] "GET /rest/user/position/185 HTTP/1.1" 200 944 "https://assess.thinktalentindianext.net/user/position/185" "Mozilla/5.0 (X11; Ubuntu; Linux x86_64; rv:53.0) Gecko/20100101 Firefox/53.0"
2017-04-24T11:45:25.889Z 172.31.35.179 - - [24/Apr/2017:11:45:25 +0000] "GET /rest/user/position/test/281 HTTP/1.1" 200 941 "https://assess.thinktalentindianext.net/user/test/281" "Mozilla/5.0 (X11; Ubuntu; Linux x86_64; rv:53.0) Gecko/20100101 Firefox/53.0"
2017-04-24T11:45:27.890Z 172.31.35.179 - - [24/Apr/2017:11:45:27 +0000] "POST /rest/user/test HTTP/1.1" 200 124 "https://assess.thinktalentindianext.net/user/test?testElgId=sS8e46ahVkYVIX2umc22rg%3D%3D" "Mozilla/5.0 (X11; Ubuntu; Linux x86_64; rv:53.0) Gecko/20100101 Firefox/53.0"
2017-04-24T11:45:33.892Z 172.31.35.179 - - [24/Apr/2017:11:45:33 +0000] "POST /rest/user/test HTTP/1.1" 200 128 "https://assess.thinktalentindianext.net/user/test?testElgId=sS8e46ahVkYVIX2umc22rg%3D%3D" "Mozilla/5.0 (X11; Ubuntu; Linux x86_64; rv:53.0) Gecko/20100101 Firefox/53.0"
2017-04-24T11:45:33.892Z 172.31.35.179 - - [24/Apr/2017:11:45:33 +0000] "POST /rest/user/test HTTP/1.1" 200 129 "https://assess.thinktalentindianext.net/user/test?testElgId=sS8e46ahVkYVIX2umc22rg%3D%3D" "Mozilla/5.0 (X11; Ubuntu; Linux x86_64; rv:53.0) Gecko/20100101 Firefox/53.0"
2017-04-24T11:45:34.892Z 172.31.35.179 - - [24/Apr/2017:11:45:34 +0000] "POST /rest/user/test HTTP/1.1" 200 129 "https://assess.thinktalentindianext.net/user/test?testElgId=sS8e46ahVkYVIX2umc22rg%3D%3D" "Mozilla/5.0 (X11; Ubuntu; Linux x86_64; rv:53.0) Gecko/20100101 Firefox/53.0"
2017-04-24T11:45:35.892Z 172.31.35.179 - - [24/Apr/2017:11:45:35 +0000] "POST /rest/user/test HTTP/1.1" 200 129 "https://assess.thinktalentindianext.net/user/test?testElgId=sS8e46ahVkYVIX2umc22rg%3D%3D" "Mozilla/5.0 (X11; Ubuntu; Linux x86_64; rv:53.0) Gecko/20100101 Firefox/53.0"
2017-04-24T11:45:39.894Z 172.31.35.179 - - [24/Apr/2017:11:45:38 +0000] "POST /rest/user/test HTTP/1.1" 200 128 "https://assess.thinktalentindianext.net/user/test?testElgId=sS8e46ahVkYVIX2umc22rg%3D%3D" "Mozilla/5.0 (X11; Ubuntu; Linux x86_64; rv:53.0) Gecko/20100101 Firefox/53.0"
2017-04-24T11:45:42.895Z 172.31.8.36 - - [24/Apr/2017:11:45:41 +0000] "GET /rest/user/position/user/84 HTTP/1.1" 200 1519 "https://assess.thinktalentindianext.net/user/position" "Mozilla/5.0 (X11; Linux x86_64) AppleWebKit/537.36 (KHTML, like Gecko) Chrome/54.0.2840.59 Safari/537.36"
2017-04-24T11:45:46.896Z 172.31.8.36 - - [24/Apr/2017:11:45:45 +0000] "GET /rest/user/position/185 HTTP/1.1" 200 949 "https://assess.thinktalentindianext.net/user/position/185" "Mozilla/5.0 (X11; Linux x86_64) AppleWebKit/537.36 (KHTML, like Gecko) Chrome/54.0.2840.59 Safari/537.36"
2017-04-24T11:46:42.913Z 172.31.8.36 - - [24/Apr/2017:11:46:41 +0000] "GET /rest/user/position/user/84 HTTP/1.1" 200 1514 "https://assess.thinktalentindianext.net/user/position" "Mozilla/5.0 (X11; Linux x86_64) AppleWebKit/537.36 (KHTML, like Gecko) Chrome/54.0.2840.59 Safari/537.36"
2017-04-24T11:46:46.915Z 172.31.8.36 - - [24/Apr/2017:11:46:45 +0000] "GET /rest/user/position/185 HTTP/1.1" 200 949 "https://assess.thinktalentindianext.net/user/position/185" "Mozilla/5.0 (X11; Linux x86_64) AppleWebKit/537.36 (KHTML, like Gecko) Chrome/54.0.2840.59 Safari/537.36"
2017-04-24T11:46:58.919Z 172.31.19.87 - - [24/Apr/2017:11:46:58 +0000] "POST /rest/client/login HTTP/1.1" 200 256 "-" "Apache-HttpClient/4.4 (Java 1.5 minimum; Java/1.8.0_121)"
2017-04-24T11:47:02.920Z 172.31.35.179 - - [24/Apr/2017:11:47:02 +0000] "OPTIONS /rest/client/position/client/1 HTTP/1.1" 200 - "https://assess.thinktalentindianext.net/client/position" "Mozilla/5.0 (Windows NT 10.0; Win64; x64) AppleWebKit/537.36 (KHTML, like Gecko) Chrome/57.0.2987.133 Safari/537.36"
2017-04-24T11:47:02.920Z 172.31.35.179 - - [24/Apr/2017:11:47:02 +0000] "OPTIONS /rest/client/1 HTTP/1.1" 200 - "https://assess.thinktalentindianext.net/client/position" "Mozilla/5.0 (Windows NT 10.0; Win64; x64) AppleWebKit/537.36 (KHTML, like Gecko) Chrome/57.0.2987.133 Safari/537.36"
2017-04-24T11:47:02.920Z 172.31.35.179 - - [24/Apr/2017:11:47:02 +0000] "GET /rest/client/position/client/1 HTTP/1.1" 200 444 "https://assess.thinktalentindianext.net/client/position" "Mozilla/5.0 (Windows NT 10.0; Win64; x64) AppleWebKit/537.36 (KHTML, like Gecko) Chrome/57.0.2987.133 Safari/537.36"
2017-04-24T11:47:02.920Z 172.31.35.179 - - [24/Apr/2017:11:47:02 +0000] "GET /rest/client/1 HTTP/1.1" 200 238 "https://assess.thinktalentindianext.net/client/position" "Mozilla/5.0 (Windows NT 10.0; Win64; x64) AppleWebKit/537.36 (KHTML, like Gecko) Chrome/57.0.2987.133 Safari/537.36"
2017-04-24T11:47:02.920Z 172.31.35.179 - - [24/Apr/2017:11:47:02 +0000] "OPTIONS /rest/client/position/progressCount/1 HTTP/1.1" 200 - "https://assess.thinktalentindianext.net/client/position" "Mozilla/5.0 (Windows NT 10.0; Win64; x64) AppleWebKit/537.36 (KHTML, like Gecko) Chrome/57.0.2987.133 Safari/537.36"
2017-04-24T11:47:03.921Z 172.31.35.179 - - [24/Apr/2017:11:47:03 +0000] "GET /rest/client/position/progressCount/1 HTTP/1.1" 200 72 "https://assess.thinktalentindianext.net/client/position" "Mozilla/5.0 (Windows NT 10.0; Win64; x64) AppleWebKit/537.36 (KHTML, like Gecko) Chrome/57.0.2987.133 Safari/537.36"
2017-04-24T11:47:08.922Z 172.31.35.179 - - [24/Apr/2017:11:47:08 +0000] "GET /rest/client/position-user/position/73 HTTP/1.1" 200 951 "https://assess.thinktalentindianext.net/client/position/73" "Mozilla/5.0 (Windows NT 6.2; WOW64) AppleWebKit/537.36 (KHTML, like Gecko) Chrome/57.0.2987.133 Safari/537.36"
2017-04-24T11:47:09.922Z 172.31.35.179 - - [24/Apr/2017:11:47:09 +0000] "GET /rest/client/position/73 HTTP/1.1" 200 394 "https://assess.thinktalentindianext.net/client/position/73" "Mozilla/5.0 (Windows NT 6.2; WOW64) AppleWebKit/537.36 (KHTML, like Gecko) Chrome/57.0.2987.133 Safari/537.36"
2017-04-24T11:47:09.922Z 172.31.35.179 - - [24/Apr/2017:11:47:09 +0000] "GET /rest/client/position-user/examStatusCount/73 HTTP/1.1" 200 40 "https://assess.thinktalentindianext.net/client/position/73" "Mozilla/5.0 (Windows NT 6.2; WOW64) AppleWebKit/537.36 (KHTML, like Gecko) Chrome/57.0.2987.133 Safari/537.36"
2017-04-24T11:47:09.922Z 172.31.35.179 - - [24/Apr/2017:11:47:09 +0000] "GET /rest/client/score/73 HTTP/1.1" 415 3687 "https://assess.thinktalentindianext.net/client/position/73" "Mozilla/5.0 (Windows NT 6.2; WOW64) AppleWebKit/537.36 (KHTML, like Gecko) Chrome/57.0.2987.133 Safari/537.36"
2017-04-24T11:47:09.923Z 172.31.35.179 - - [24/Apr/2017:11:47:09 +0000] "OPTIONS /rest/client/position-user/position/65 HTTP/1.1" 200 - "https://assess.thinktalentindianext.net/client/position/65" "Mozilla/5.0 (Windows NT 10.0; Win64; x64) AppleWebKit/537.36 (KHTML, like Gecko) Chrome/57.0.2987.133 Safari/537.36"
2017-04-24T11:47:09.923Z 172.31.35.179 - - [24/Apr/2017:11:47:09 +0000] "OPTIONS /rest/client/position/65 HTTP/1.1" 200 - "https://assess.thinktalentindianext.net/client/position/65" "Mozilla/5.0 (Windows NT 10.0; Win64; x64) AppleWebKit/537.36 (KHTML, like Gecko) Chrome/57.0.2987.133 Safari/537.36"
2017-04-24T11:47:09.923Z 172.31.35.179 - - [24/Apr/2017:11:47:09 +0000] "GET /rest/client/score/73 HTTP/1.1" 415 3687 "https://assess.thinktalentindianext.net/client/position/73" "Mozilla/5.0 (Windows NT 6.2; WOW64) AppleWebKit/537.36 (KHTML, like Gecko) Chrome/57.0.2987.133 Safari/537.36"
2017-04-24T11:47:10.923Z 172.31.35.179 - - [24/Apr/2017:11:47:10 +0000] "OPTIONS /rest/client/position-user/examStatusCount/65 HTTP/1.1" 200 - "https://assess.thinktalentindianext.net/client/position/65" "Mozilla/5.0 (Windows NT 10.0; Win64; x64) AppleWebKit/537.36 (KHTML, like Gecko) Chrome/57.0.2987.133 Safari/537.36"
2017-04-24T11:47:10.923Z 172.31.35.179 - - [24/Apr/2017:11:47:10 +0000] "OPTIONS /rest/client/score/65 HTTP/1.1" 200 - "https://assess.thinktalentindianext.net/client/position/65" "Mozilla/5.0 (Windows NT 10.0; Win64; x64) AppleWebKit/537.36 (KHTML, like Gecko) Chrome/57.0.2987.133 Safari/537.36"
2017-04-24T11:47:10.923Z 172.31.35.179 - - [24/Apr/2017:11:47:10 +0000] "GET /rest/client/position-user/position/65 HTTP/1.1" 200 1655 "https://assess.thinktalentindianext.net/client/position/65" "Mozilla/5.0 (Windows NT 10.0; Win64; x64) AppleWebKit/537.36 (KHTML, like Gecko) Chrome/57.0.2987.133 Safari/537.36"
2017-04-24T11:47:10.923Z 172.31.35.179 - - [24/Apr/2017:11:47:10 +0000] "GET /rest/client/position/65 HTTP/1.1" 200 250 "https://assess.thinktalentindianext.net/client/position/65" "Mozilla/5.0 (Windows NT 10.0; Win64; x64) AppleWebKit/537.36 (KHTML, like Gecko) Chrome/57.0.2987.133 Safari/537.36"
2017-04-24T11:47:10.923Z 172.31.35.179 - - [24/Apr/2017:11:47:10 +0000] "GET /rest/client/score/65 HTTP/1.1" 200 30 "https://assess.thinktalentindianext.net/client/position/65" "Mozilla/5.0 (Windows NT 10.0; Win64; x64) AppleWebKit/537.36 (KHTML, like Gecko) Chrome/57.0.2987.133 Safari/537.36"
2017-04-24T11:47:10.923Z 172.31.35.179 - - [24/Apr/2017:11:47:10 +0000] "GET /rest/client/position-user/examStatusCount/65 HTTP/1.1" 200 56 "https://assess.thinktalentindianext.net/client/position/65" "Mozilla/5.0 (Windows NT 10.0; Win64; x64) AppleWebKit/537.36 (KHTML, like Gecko) Chrome/57.0.2987.133 Safari/537.36"
2017-04-24T11:47:10.923Z 172.31.35.179 - - [24/Apr/2017:11:47:10 +0000] "GET /rest/client/score/65 HTTP/1.1" 200 35 "https://assess.thinktalentindianext.net/client/position/65" "Mozilla/5.0 (Windows NT 10.0; Win64; x64) AppleWebKit/537.36 (KHTML, like Gecko) Chrome/57.0.2987.133 Safari/537.36"
2017-04-24T11:47:16.925Z 172.31.35.179 - - [24/Apr/2017:11:47:16 +0000] "OPTIONS /rest/client/position-user/send-mail HTTP/1.1" 200 - "https://assess.thinktalentindianext.net/client/position/65" "Mozilla/5.0 (Windows NT 10.0; Win64; x64) AppleWebKit/537.36 (KHTML, like Gecko) Chrome/57.0.2987.133 Safari/537.36"
2017-04-24T11:47:17.925Z 172.31.35.179 - - [24/Apr/2017:11:47:17 +0000] "POST /rest/client/position-user/send-mail HTTP/1.1" 200 60 "https://assess.thinktalentindianext.net/client/position/65" "Mozilla/5.0 (Windows NT 10.0; Win64; x64) AppleWebKit/537.36 (KHTML, like Gecko) Chrome/57.0.2987.133 Safari/537.36"
2017-04-24T11:47:19.926Z 172.31.35.179 - - [24/Apr/2017:11:47:19 +0000] "GET /rest/client/position/client/7 HTTP/1.1" 200 373 "https://assess.thinktalentindianext.net/client/position" "Mozilla/5.0 (Windows NT 6.2; WOW64) AppleWebKit/537.36 (KHTML, like Gecko) Chrome/57.0.2987.133 Safari/537.36"
2017-04-24T11:47:19.926Z 172.31.35.179 - - [24/Apr/2017:11:47:19 +0000] "GET /rest/client/7 HTTP/1.1" 200 191 "https://assess.thinktalentindianext.net/client/position" "Mozilla/5.0 (Windows NT 6.2; WOW64) AppleWebKit/537.36 (KHTML, like Gecko) Chrome/57.0.2987.133 Safari/537.36"
2017-04-24T11:47:19.926Z 172.31.35.179 - - [24/Apr/2017:11:47:19 +0000] "GET /rest/client/position/progressCount/7 HTTP/1.1" 200 39 "https://assess.thinktalentindianext.net/client/position" "Mozilla/5.0 (Windows NT 6.2; WOW64) AppleWebKit/537.36 (KHTML, like Gecko) Chrome/57.0.2987.133 Safari/537.36"
2017-04-24T11:47:24.927Z 172.31.35.179 - - [24/Apr/2017:11:47:23 +0000] "POST /rest/client/position-user/send-mail HTTP/1.1" 200 55 "https://assess.thinktalentindianext.net/client/position/65" "Mozilla/5.0 (Windows NT 10.0; Win64; x64) AppleWebKit/537.36 (KHTML, like Gecko) Chrome/57.0.2987.133 Safari/537.36"
2017-04-24T11:47:42.932Z 172.31.8.36 - - [24/Apr/2017:11:47:41 +0000] "OPTIONS /rest/user/position/user/84 HTTP/1.1" 200 - "https://assess.thinktalentindianext.net/user/position" "Mozilla/5.0 (X11; Linux x86_64) AppleWebKit/537.36 (KHTML, like Gecko) Chrome/54.0.2840.59 Safari/537.36"
2017-04-24T11:47:42.932Z 172.31.8.36 - - [24/Apr/2017:11:47:42 +0000] "GET /rest/user/position/user/84 HTTP/1.1" 200 1519 "https://assess.thinktalentindianext.net/user/position" "Mozilla/5.0 (X11; Linux x86_64) AppleWebKit/537.36 (KHTML, like Gecko) Chrome/54.0.2840.59 Safari/537.36"
2017-04-24T11:47:45.933Z 172.31.8.36 - - [24/Apr/2017:11:47:45 +0000] "OPTIONS /rest/user/position/185 HTTP/1.1" 200 - "https://assess.thinktalentindianext.net/user/position/185" "Mozilla/5.0 (X11; Linux x86_64) AppleWebKit/537.36 (KHTML, like Gecko) Chrome/54.0.2840.59 Safari/537.36"
2017-04-24T11:47:46.934Z 172.31.8.36 - - [24/Apr/2017:11:47:46 +0000] "GET /rest/user/position/185 HTTP/1.1" 200 949 "https://assess.thinktalentindianext.net/user/position/185" "Mozilla/5.0 (X11; Linux x86_64) AppleWebKit/537.36 (KHTML, like Gecko) Chrome/54.0.2840.59 Safari/537.36"
2017-04-24T11:48:42.951Z 172.31.8.36 - - [24/Apr/2017:11:48:41 +0000] "GET /rest/user/position/user/84 HTTP/1.1" 200 1519 "https://assess.thinktalentindianext.net/user/position" "Mozilla/5.0 (X11; Linux x86_64) AppleWebKit/537.36 (KHTML, like Gecko) Chrome/54.0.2840.59 Safari/537.36"
2017-04-24T11:48:45.953Z 172.31.8.36 - - [24/Apr/2017:11:48:45 +0000] "GET /rest/user/position/185 HTTP/1.1" 200 949 "https://assess.thinktalentindianext.net/user/position/185" "Mozilla/5.0 (X11; Linux x86_64) AppleWebKit/537.36 (KHTML, like Gecko) Chrome/54.0.2840.59 Safari/537.36"
2017-04-24T11:49:41.973Z 172.31.8.36 - - [24/Apr/2017:11:49:41 +0000] "GET /rest/user/position/user/84 HTTP/1.1" 200 1519 "https://assess.thinktalentindianext.net/user/position" "Mozilla/5.0 (X11; Linux x86_64) AppleWebKit/537.36 (KHTML, like Gecko) Chrome/54.0.2840.59 Safari/537.36"
2017-04-24T11:49:45.974Z 172.31.8.36 - - [24/Apr/2017:11:49:45 +0000] "GET /rest/user/position/185 HTTP/1.1" 200 944 "https://assess.thinktalentindianext.net/user/position/185" "Mozilla/5.0 (X11; Linux x86_64) AppleWebKit/537.36 (KHTML, like Gecko) Chrome/54.0.2840.59 Safari/537.36"
2017-04-24T11:50:42.990Z 172.31.8.36 - - [24/Apr/2017:11:50:41 +0000] "GET /rest/user/position/user/84 HTTP/1.1" 200 1519 "https://assess.thinktalentindianext.net/user/position" "Mozilla/5.0 (X11; Linux x86_64) AppleWebKit/537.36 (KHTML, like Gecko) Chrome/54.0.2840.59 Safari/537.36"
2017-04-24T11:50:45.991Z 172.31.8.36 - - [24/Apr/2017:11:50:45 +0000] "GET /rest/user/position/185 HTTP/1.1" 200 949 "https://assess.thinktalentindianext.net/user/position/185" "Mozilla/5.0 (X11; Linux x86_64) AppleWebKit/537.36 (KHTML, like Gecko) Chrome/54.0.2840.59 Safari/537.36"
2017-04-24T11:51:42.009Z 172.31.8.36 - - [24/Apr/2017:11:51:41 +0000] "GET /rest/user/position/user/84 HTTP/1.1" 200 1519 "https://assess.thinktalentindianext.net/user/position" "Mozilla/5.0 (X11; Linux x86_64) AppleWebKit/537.36 (KHTML, like Gecko) Chrome/54.0.2840.59 Safari/537.36"
2017-04-24T11:51:46.011Z 172.31.8.36 - - [24/Apr/2017:11:51:45 +0000] "GET /rest/user/position/185 HTTP/1.1" 200 949 "https://assess.thinktalentindianext.net/user/position/185" "Mozilla/5.0 (X11; Linux x86_64) AppleWebKit/537.36 (KHTML, like Gecko) Chrome/54.0.2840.59 Safari/537.36"
2017-04-24T11:52:42.030Z 172.31.8.36 - - [24/Apr/2017:11:52:41 +0000] "GET /rest/user/position/user/84 HTTP/1.1" 200 1519 "https://assess.thinktalentindianext.net/user/position" "Mozilla/5.0 (X11; Linux x86_64) AppleWebKit/537.36 (KHTML, like Gecko) Chrome/54.0.2840.59 Safari/537.36"
2017-04-24T11:52:46.031Z 172.31.8.36 - - [24/Apr/2017:11:52:45 +0000] "GET /rest/user/position/185 HTTP/1.1" 200 944 "https://assess.thinktalentindianext.net/user/position/185" "Mozilla/5.0 (X11; Linux x86_64) AppleWebKit/537.36 (KHTML, like Gecko) Chrome/54.0.2840.59 Safari/537.36"
2017-04-24T11:53:42.050Z 172.31.8.36 - - [24/Apr/2017:11:53:41 +0000] "GET /rest/user/position/user/84 HTTP/1.1" 200 1519 "https://assess.thinktalentindianext.net/user/position" "Mozilla/5.0 (X11; Linux x86_64) AppleWebKit/537.36 (KHTML, like Gecko) Chrome/54.0.2840.59 Safari/537.36"
2017-04-24T11:53:46.051Z 172.31.8.36 - - [24/Apr/2017:11:53:45 +0000] "GET /rest/user/position/185 HTTP/1.1" 200 949 "https://assess.thinktalentindianext.net/user/position/185" "Mozilla/5.0 (X11; Linux x86_64) AppleWebKit/537.36 (KHTML, like Gecko) Chrome/54.0.2840.59 Safari/537.36"
2017-04-24T11:54:42.069Z 172.31.8.36 - - [24/Apr/2017:11:54:41 +0000] "GET /rest/user/position/user/84 HTTP/1.1" 200 1514 "https://assess.thinktalentindianext.net/user/position" "Mozilla/5.0 (X11; Linux x86_64) AppleWebKit/537.36 (KHTML, like Gecko) Chrome/54.0.2840.59 Safari/537.36"
2017-04-24T11:54:46.070Z 172.31.8.36 - - [24/Apr/2017:11:54:45 +0000] "GET /rest/user/position/185 HTTP/1.1" 200 944 "https://assess.thinktalentindianext.net/user/position/185" "Mozilla/5.0 (X11; Linux x86_64) AppleWebKit/537.36 (KHTML, like Gecko) Chrome/54.0.2840.59 Safari/537.36"
2017-04-24T11:55:42.089Z 172.31.8.36 - - [24/Apr/2017:11:55:41 +0000] "GET /rest/user/position/user/84 HTTP/1.1" 200 1519 "https://assess.thinktalentindianext.net/user/position" "Mozilla/5.0 (X11; Linux x86_64) AppleWebKit/537.36 (KHTML, like Gecko) Chrome/54.0.2840.59 Safari/537.36"
2017-04-24T11:55:46.090Z 172.31.8.36 - - [24/Apr/2017:11:55:45 +0000] "GET /rest/user/position/185 HTTP/1.1" 200 949 "https://assess.thinktalentindianext.net/user/position/185" "Mozilla/5.0 (X11; Linux x86_64) AppleWebKit/537.36 (KHTML, like Gecko) Chrome/54.0.2840.59 Safari/537.36"
2017-04-24T11:56:37.107Z 172.31.35.179 - - [24/Apr/2017:11:56:36 +0000] "OPTIONS /rest/client/position-user/position/73 HTTP/1.1" 200 - "https://assess.thinktalentindianext.net/client/position/73" "Mozilla/5.0 (Windows NT 6.2; WOW64) AppleWebKit/537.36 (KHTML, like Gecko) Chrome/57.0.2987.133 Safari/537.36"
2017-04-24T11:56:37.107Z 172.31.35.179 - - [24/Apr/2017:11:56:36 +0000] "OPTIONS /rest/client/position/73 HTTP/1.1" 200 - "https://assess.thinktalentindianext.net/client/position/73" "Mozilla/5.0 (Windows NT 6.2; WOW64) AppleWebKit/537.36 (KHTML, like Gecko) Chrome/57.0.2987.133 Safari/537.36"
2017-04-24T11:56:37.107Z 172.31.35.179 - - [24/Apr/2017:11:56:36 +0000] "OPTIONS /rest/client/position-user/examStatusCount/73 HTTP/1.1" 200 - "https://assess.thinktalentindianext.net/client/position/73" "Mozilla/5.0 (Windows NT 6.2; WOW64) AppleWebKit/537.36 (KHTML, like Gecko) Chrome/57.0.2987.133 Safari/537.36"
2017-04-24T11:56:37.107Z 172.31.35.179 - - [24/Apr/2017:11:56:37 +0000] "OPTIONS /rest/client/score/73 HTTP/1.1" 200 - "https://assess.thinktalentindianext.net/client/position/73" "Mozilla/5.0 (Windows NT 6.2; WOW64) AppleWebKit/537.36 (KHTML, like Gecko) Chrome/57.0.2987.133 Safari/537.36"
2017-04-24T11:56:38.107Z 172.31.35.179 - - [24/Apr/2017:11:56:37 +0000] "GET /rest/client/position/73 HTTP/1.1" 200 389 "https://assess.thinktalentindianext.net/client/position/73" "Mozilla/5.0 (Windows NT 6.2; WOW64) AppleWebKit/537.36 (KHTML, like Gecko) Chrome/57.0.2987.133 Safari/537.36"
2017-04-24T11:56:38.107Z 172.31.35.179 - - [24/Apr/2017:11:56:37 +0000] "GET /rest/client/position-user/position/73 HTTP/1.1" 200 951 "https://assess.thinktalentindianext.net/client/position/73" "Mozilla/5.0 (Windows NT 6.2; WOW64) AppleWebKit/537.36 (KHTML, like Gecko) Chrome/57.0.2987.133 Safari/537.36"
2017-04-24T11:56:38.107Z 172.31.35.179 - - [24/Apr/2017:11:56:37 +0000] "GET /rest/client/position-user/examStatusCount/73 HTTP/1.1" 200 40 "https://assess.thinktalentindianext.net/client/position/73" "Mozilla/5.0 (Windows NT 6.2; WOW64) AppleWebKit/537.36 (KHTML, like Gecko) Chrome/57.0.2987.133 Safari/537.36"
2017-04-24T11:56:38.107Z 172.31.35.179 - - [24/Apr/2017:11:56:37 +0000] "GET /rest/client/score/73 HTTP/1.1" 415 3687 "https://assess.thinktalentindianext.net/client/position/73" "Mozilla/5.0 (Windows NT 6.2; WOW64) AppleWebKit/537.36 (KHTML, like Gecko) Chrome/57.0.2987.133 Safari/537.36"
2017-04-24T11:56:38.107Z 172.31.35.179 - - [24/Apr/2017:11:56:37 +0000] "GET /rest/client/score/73 HTTP/1.1" 415 3687 "https://assess.thinktalentindianext.net/client/position/73" "Mozilla/5.0 (Windows NT 6.2; WOW64) AppleWebKit/537.36 (KHTML, like Gecko) Chrome/57.0.2987.133 Safari/537.36"
2017-04-24T11:56:42.108Z 172.31.8.36 - - [24/Apr/2017:11:56:41 +0000] "GET /rest/user/position/user/84 HTTP/1.1" 200 1519 "https://assess.thinktalentindianext.net/user/position" "Mozilla/5.0 (X11; Linux x86_64) AppleWebKit/537.36 (KHTML, like Gecko) Chrome/54.0.2840.59 Safari/537.36"
2017-04-24T11:56:46.110Z 172.31.8.36 - - [24/Apr/2017:11:56:45 +0000] "GET /rest/user/position/185 HTTP/1.1" 200 949 "https://assess.thinktalentindianext.net/user/position/185" "Mozilla/5.0 (X11; Linux x86_64) AppleWebKit/537.36 (KHTML, like Gecko) Chrome/54.0.2840.59 Safari/537.36"
2017-04-24T11:56:54.117Z 172.31.35.179 - - [24/Apr/2017:11:56:53 +0000] "OPTIONS /rest/client/position-user HTTP/1.1" 200 - "https://assess.thinktalentindianext.net/client/position/73" "Mozilla/5.0 (Windows NT 6.2; WOW64) AppleWebKit/537.36 (KHTML, like Gecko) Chrome/57.0.2987.133 Safari/537.36"
2017-04-24T11:56:55.117Z 172.31.35.179 - - [24/Apr/2017:11:56:54 +0000] "POST /rest/client/position-user HTTP/1.1" 200 83 "https://assess.thinktalentindianext.net/client/position/73" "Mozilla/5.0 (Windows NT 6.2; WOW64) AppleWebKit/537.36 (KHTML, like Gecko) Chrome/57.0.2987.133 Safari/537.36"
2017-04-24T11:56:55.117Z 172.31.35.179 - - [24/Apr/2017:11:56:54 +0000] "GET /rest/client/position-user/position/73 HTTP/1.1" 200 1025 "https://assess.thinktalentindianext.net/client/position/73" "Mozilla/5.0 (Windows NT 6.2; WOW64) AppleWebKit/537.36 (KHTML, like Gecko) Chrome/57.0.2987.133 Safari/537.36"
2017-04-24T11:56:55.117Z 172.31.35.179 - - [24/Apr/2017:11:56:54 +0000] "GET /rest/client/score/73 HTTP/1.1" 415 3687 "https://assess.thinktalentindianext.net/client/position/73" "Mozilla/5.0 (Windows NT 6.2; WOW64) AppleWebKit/537.36 (KHTML, like Gecko) Chrome/57.0.2987.133 Safari/537.36"
2017-04-24T11:57:42.130Z 172.31.8.36 - - [24/Apr/2017:11:57:41 +0000] "GET /rest/user/position/user/84 HTTP/1.1" 200 1519 "https://assess.thinktalentindianext.net/user/position" "Mozilla/5.0 (X11; Linux x86_64) AppleWebKit/537.36 (KHTML, like Gecko) Chrome/54.0.2840.59 Safari/537.36"
2017-04-24T11:57:46.131Z 172.31.8.36 - - [24/Apr/2017:11:57:45 +0000] "GET /rest/user/position/185 HTTP/1.1" 200 949 "https://assess.thinktalentindianext.net/user/position/185" "Mozilla/5.0 (X11; Linux x86_64) AppleWebKit/537.36 (KHTML, like Gecko) Chrome/54.0.2840.59 Safari/537.36"
2017-04-24T11:58:31.143Z 172.31.35.179 - - [24/Apr/2017:11:58:30 +0000] "GET /rest/client/position-user/examStatusCount/73 HTTP/1.1" 200 45 "https://assess.thinktalentindianext.net/client/position/73" "Mozilla/5.0 (Windows NT 6.2; WOW64) AppleWebKit/537.36 (KHTML, like Gecko) Chrome/57.0.2987.133 Safari/537.36"
2017-04-24T11:58:31.143Z 172.31.35.179 - - [24/Apr/2017:11:58:30 +0000] "GET /rest/client/position-user/position/73 HTTP/1.1" 200 1025 "https://assess.thinktalentindianext.net/client/position/73" "Mozilla/5.0 (Windows NT 6.2; WOW64) AppleWebKit/537.36 (KHTML, like Gecko) Chrome/57.0.2987.133 Safari/537.36"
2017-04-24T11:58:31.143Z 172.31.35.179 - - [24/Apr/2017:11:58:30 +0000] "GET /rest/client/score/73 HTTP/1.1" 415 3687 "https://assess.thinktalentindianext.net/client/position/73" "Mozilla/5.0 (Windows NT 6.2; WOW64) AppleWebKit/537.36 (KHTML, like Gecko) Chrome/57.0.2987.133 Safari/537.36"
2017-04-24T11:58:32.143Z 172.31.35.179 - - [24/Apr/2017:11:58:31 +0000] "GET /rest/client/score/73 HTTP/1.1" 415 3486 "https://assess.thinktalentindianext.net/client/position/73" "Mozilla/5.0 (Windows NT 6.2; WOW64) AppleWebKit/537.36 (KHTML, like Gecko) Chrome/57.0.2987.133 Safari/537.36"
2017-04-24T11:58:32.143Z 172.31.35.179 - - [24/Apr/2017:11:58:31 +0000] "GET /rest/client/position/73 HTTP/1.1" 200 394 "https://assess.thinktalentindianext.net/client/position/73" "Mozilla/5.0 (Windows NT 6.2; WOW64) AppleWebKit/537.36 (KHTML, like Gecko) Chrome/57.0.2987.133 Safari/537.36"
2017-04-24T11:58:42.146Z 172.31.8.36 - - [24/Apr/2017:11:58:41 +0000] "OPTIONS /rest/user/position/user/84 HTTP/1.1" 200 - "https://assess.thinktalentindianext.net/user/position" "Mozilla/5.0 (X11; Linux x86_64) AppleWebKit/537.36 (KHTML, like Gecko) Chrome/54.0.2840.59 Safari/537.36"
2017-04-24T11:58:43.147Z 172.31.8.36 - - [24/Apr/2017:11:58:42 +0000] "GET /rest/user/position/user/84 HTTP/1.1" 200 1519 "https://assess.thinktalentindianext.net/user/position" "Mozilla/5.0 (X11; Linux x86_64) AppleWebKit/537.36 (KHTML, like Gecko) Chrome/54.0.2840.59 Safari/537.36"
2017-04-24T11:58:46.148Z 172.31.8.36 - - [24/Apr/2017:11:58:45 +0000] "OPTIONS /rest/user/position/185 HTTP/1.1" 200 - "https://assess.thinktalentindianext.net/user/position/185" "Mozilla/5.0 (X11; Linux x86_64) AppleWebKit/537.36 (KHTML, like Gecko) Chrome/54.0.2840.59 Safari/537.36"
2017-04-24T11:58:47.148Z 172.31.8.36 - - [24/Apr/2017:11:58:46 +0000] "GET /rest/user/position/185 HTTP/1.1" 200 949 "https://assess.thinktalentindianext.net/user/position/185" "Mozilla/5.0 (X11; Linux x86_64) AppleWebKit/537.36 (KHTML, like Gecko) Chrome/54.0.2840.59 Safari/537.36"
2017-04-24T11:58:51.157Z 172.31.35.179 - - [24/Apr/2017:11:58:49 +0000] "GET /rest/client/position-user/instruction/185 HTTP/1.1" 200 2264 "https://assess.thinktalentindianext.net/client/position/73" "Mozilla/5.0 (Windows NT 6.2; WOW64) AppleWebKit/537.36 (KHTML, like Gecko) Chrome/57.0.2987.133 Safari/537.36"
2017-04-24T11:59:18.165Z 172.31.35.179 - - [24/Apr/2017:11:59:17 +0000] "OPTIONS /rest/client/position-user/send-mail HTTP/1.1" 200 - "https://assess.thinktalentindianext.net/client/position/73" "Mozilla/5.0 (Windows NT 6.2; WOW64) AppleWebKit/537.36 (KHTML, like Gecko) Chrome/57.0.2987.133 Safari/537.36"
2017-04-24T11:59:19.165Z 172.31.35.179 - - [24/Apr/2017:11:59:17 +0000] "POST /rest/client/position-user/send-mail HTTP/1.1" 200 60 "https://assess.thinktalentindianext.net/client/position/73" "Mozilla/5.0 (Windows NT 6.2; WOW64) AppleWebKit/537.36 (KHTML, like Gecko) Chrome/57.0.2987.133 Safari/537.36"
2017-04-24T11:59:36.170Z 172.31.35.179 - - [24/Apr/2017:11:59:35 +0000] "GET /rest/client/position-user/instruction/174 HTTP/1.1" 200 2281 "https://assess.thinktalentindianext.net/client/position/65" "Mozilla/5.0 (Windows NT 10.0; Win64; x64) AppleWebKit/537.36 (KHTML, like Gecko) Chrome/57.0.2987.133 Safari/537.36"
2017-04-24T11:59:42.172Z 172.31.8.36 - - [24/Apr/2017:11:59:41 +0000] "GET /rest/user/position/user/84 HTTP/1.1" 200 1518 "https://assess.thinktalentindianext.net/user/position" "Mozilla/5.0 (X11; Linux x86_64) AppleWebKit/537.36 (KHTML, like Gecko) Chrome/54.0.2840.59 Safari/537.36"
2017-04-24T11:59:46.173Z 172.31.8.36 - - [24/Apr/2017:11:59:45 +0000] "GET /rest/user/position/185 HTTP/1.1" 200 943 "https://assess.thinktalentindianext.net/user/position/185" "Mozilla/5.0 (X11; Linux x86_64) AppleWebKit/537.36 (KHTML, like Gecko) Chrome/54.0.2840.59 Safari/537.36"
2017-04-24T12:00:42.189Z 172.31.8.36 - - [24/Apr/2017:12:00:41 +0000] "GET /rest/user/position/user/84 HTTP/1.1" 200 1518 "https://assess.thinktalentindianext.net/user/position" "Mozilla/5.0 (X11; Linux x86_64) AppleWebKit/537.36 (KHTML, like Gecko) Chrome/54.0.2840.59 Safari/537.36"
2017-04-24T12:00:46.190Z 172.31.8.36 - - [24/Apr/2017:12:00:45 +0000] "GET /rest/user/position/185 HTTP/1.1" 200 943 "https://assess.thinktalentindianext.net/user/position/185" "Mozilla/5.0 (X11; Linux x86_64) AppleWebKit/537.36 (KHTML, like Gecko) Chrome/54.0.2840.59 Safari/537.36"
2017-04-24T12:01:19.603Z 172.31.35.179 - - [24/Apr/2017:12:01:10 +0000] "OPTIONS /rest/client/position/client/1 HTTP/1.1" 200 - "https://assess.thinktalentindianext.net/client/position" "Mozilla/5.0 (Windows NT 10.0; Win64; x64) AppleWebKit/537.36 (KHTML, like Gecko) Chrome/57.0.2987.133 Safari/537.36"
2017-04-24T12:01:19.603Z 172.31.35.179 - - [24/Apr/2017:12:01:10 +0000] "OPTIONS /rest/client/1 HTTP/1.1" 200 - "https://assess.thinktalentindianext.net/client/position" "Mozilla/5.0 (Windows NT 10.0; Win64; x64) AppleWebKit/537.36 (KHTML, like Gecko) Chrome/57.0.2987.133 Safari/537.36"
2017-04-24T12:01:19.603Z 172.31.35.179 - - [24/Apr/2017:12:01:10 +0000] "GET /rest/client/1 HTTP/1.1" 200 238 "https://assess.thinktalentindianext.net/client/position" "Mozilla/5.0 (Windows NT 10.0; Win64; x64) AppleWebKit/537.36 (KHTML, like Gecko) Chrome/57.0.2987.133 Safari/537.36"
2017-04-24T12:01:19.603Z 172.31.35.179 - - [24/Apr/2017:12:01:10 +0000] "GET /rest/client/position/client/1 HTTP/1.1" 200 449 "https://assess.thinktalentindianext.net/client/position" "Mozilla/5.0 (Windows NT 10.0; Win64; x64) AppleWebKit/537.36 (KHTML, like Gecko) Chrome/57.0.2987.133 Safari/537.36"
2017-04-24T12:01:19.603Z 172.31.35.179 - - [24/Apr/2017:12:01:11 +0000] "OPTIONS /rest/client/position/progressCount/1 HTTP/1.1" 200 - "https://assess.thinktalentindianext.net/client/position" "Mozilla/5.0 (Windows NT 10.0; Win64; x64) AppleWebKit/537.36 (KHTML, like Gecko) Chrome/57.0.2987.133 Safari/537.36"
2017-04-24T12:01:19.603Z 172.31.35.179 - - [24/Apr/2017:12:01:11 +0000] "GET /rest/client/position/progressCount/1 HTTP/1.1" 200 72 "https://assess.thinktalentindianext.net/client/position" "Mozilla/5.0 (Windows NT 10.0; Win64; x64) AppleWebKit/537.36 (KHTML, like Gecko) Chrome/57.0.2987.133 Safari/537.36"
2017-04-24T12:01:42.610Z 172.31.8.36 - - [24/Apr/2017:12:01:41 +0000] "GET /rest/user/position/user/84 HTTP/1.1" 200 1518 "https://assess.thinktalentindianext.net/user/position" "Mozilla/5.0 (X11; Linux x86_64) AppleWebKit/537.36 (KHTML, like Gecko) Chrome/54.0.2840.59 Safari/537.36"
2017-04-24T12:01:46.611Z 172.31.8.36 - - [24/Apr/2017:12:01:45 +0000] "GET /rest/user/position/185 HTTP/1.1" 200 948 "https://assess.thinktalentindianext.net/user/position/185" "Mozilla/5.0 (X11; Linux x86_64) AppleWebKit/537.36 (KHTML, like Gecko) Chrome/54.0.2840.59 Safari/537.36"
2017-04-24T12:02:42.628Z 172.31.8.36 - - [24/Apr/2017:12:02:41 +0000] "GET /rest/user/position/user/84 HTTP/1.1" 200 1513 "https://assess.thinktalentindianext.net/user/position" "Mozilla/5.0 (X11; Linux x86_64) AppleWebKit/537.36 (KHTML, like Gecko) Chrome/54.0.2840.59 Safari/537.36"
2017-04-24T12:02:46.629Z 172.31.8.36 - - [24/Apr/2017:12:02:45 +0000] "GET /rest/user/position/185 HTTP/1.1" 200 948 "https://assess.thinktalentindianext.net/user/position/185" "Mozilla/5.0 (X11; Linux x86_64) AppleWebKit/537.36 (KHTML, like Gecko) Chrome/54.0.2840.59 Safari/537.36"
2017-04-24T12:03:38.645Z 172.31.8.36 - - [24/Apr/2017:12:03:38 +0000] "GET / HTTP/1.1" 401 74 "-" "Mozilla/5.0"
2017-04-24T12:03:42.646Z 172.31.8.36 - - [24/Apr/2017:12:03:41 +0000] "GET /rest/user/position/user/84 HTTP/1.1" 200 1518 "https://assess.thinktalentindianext.net/user/position" "Mozilla/5.0 (X11; Linux x86_64) AppleWebKit/537.36 (KHTML, like Gecko) Chrome/54.0.2840.59 Safari/537.36"
2017-04-24T12:03:46.648Z 172.31.8.36 - - [24/Apr/2017:12:03:45 +0000] "GET /rest/user/position/185 HTTP/1.1" 200 948 "https://assess.thinktalentindianext.net/user/position/185" "Mozilla/5.0 (X11; Linux x86_64) AppleWebKit/537.36 (KHTML, like Gecko) Chrome/54.0.2840.59 Safari/537.36"
2017-04-24T12:04:42.665Z 172.31.8.36 - - [24/Apr/2017:12:04:41 +0000] "GET /rest/user/position/user/84 HTTP/1.1" 200 1513 "https://assess.thinktalentindianext.net/user/position" "Mozilla/5.0 (X11; Linux x86_64) AppleWebKit/537.36 (KHTML, like Gecko) Chrome/54.0.2840.59 Safari/537.36"
2017-04-24T12:04:46.666Z 172.31.8.36 - - [24/Apr/2017:12:04:45 +0000] "GET /rest/user/position/185 HTTP/1.1" 200 948 "https://assess.thinktalentindianext.net/user/position/185" "Mozilla/5.0 (X11; Linux x86_64) AppleWebKit/537.36 (KHTML, like Gecko) Chrome/54.0.2840.59 Safari/537.36"
2017-04-24T12:05:42.683Z 172.31.8.36 - - [24/Apr/2017:12:05:41 +0000] "GET /rest/user/position/user/84 HTTP/1.1" 200 1513 "https://assess.thinktalentindianext.net/user/position" "Mozilla/5.0 (X11; Linux x86_64) AppleWebKit/537.36 (KHTML, like Gecko) Chrome/54.0.2840.59 Safari/537.36"
2017-04-24T12:05:46.685Z 172.31.8.36 - - [24/Apr/2017:12:05:45 +0000] "GET /rest/user/position/185 HTTP/1.1" 200 943 "https://assess.thinktalentindianext.net/user/position/185" "Mozilla/5.0 (X11; Linux x86_64) AppleWebKit/537.36 (KHTML, like Gecko) Chrome/54.0.2840.59 Safari/537.36"
2017-04-24T12:06:42.702Z 172.31.8.36 - - [24/Apr/2017:12:06:41 +0000] "GET /rest/user/position/user/84 HTTP/1.1" 200 1513 "https://assess.thinktalentindianext.net/user/position" "Mozilla/5.0 (X11; Linux x86_64) AppleWebKit/537.36 (KHTML, like Gecko) Chrome/54.0.2840.59 Safari/537.36"
2017-04-24T12:06:46.703Z 172.31.8.36 - - [24/Apr/2017:12:06:45 +0000] "GET /rest/user/position/185 HTTP/1.1" 200 948 "https://assess.thinktalentindianext.net/user/position/185" "Mozilla/5.0 (X11; Linux x86_64) AppleWebKit/537.36 (KHTML, like Gecko) Chrome/54.0.2840.59 Safari/537.36"
2017-04-24T12:07:42.720Z 172.31.8.36 - - [24/Apr/2017:12:07:41 +0000] "GET /rest/user/position/user/84 HTTP/1.1" 200 1513 "https://assess.thinktalentindianext.net/user/position" "Mozilla/5.0 (X11; Linux x86_64) AppleWebKit/537.36 (KHTML, like Gecko) Chrome/54.0.2840.59 Safari/537.36"
2017-04-24T12:07:46.721Z 172.31.8.36 - - [24/Apr/2017:12:07:45 +0000] "GET /rest/user/position/185 HTTP/1.1" 200 943 "https://assess.thinktalentindianext.net/user/position/185" "Mozilla/5.0 (X11; Linux x86_64) AppleWebKit/537.36 (KHTML, like Gecko) Chrome/54.0.2840.59 Safari/537.36"
2017-04-24T12:08:42.738Z 172.31.8.36 - - [24/Apr/2017:12:08:41 +0000] "GET /rest/user/position/user/84 HTTP/1.1" 200 1518 "https://assess.thinktalentindianext.net/user/position" "Mozilla/5.0 (X11; Linux x86_64) AppleWebKit/537.36 (KHTML, like Gecko) Chrome/54.0.2840.59 Safari/537.36"
2017-04-24T12:08:46.739Z 172.31.8.36 - - [24/Apr/2017:12:08:45 +0000] "GET /rest/user/position/185 HTTP/1.1" 200 943 "https://assess.thinktalentindianext.net/user/position/185" "Mozilla/5.0 (X11; Linux x86_64) AppleWebKit/537.36 (KHTML, like Gecko) Chrome/54.0.2840.59 Safari/537.36"
2017-04-24T12:09:42.756Z 172.31.8.36 - - [24/Apr/2017:12:09:41 +0000] "OPTIONS /rest/user/position/user/84 HTTP/1.1" 200 - "https://assess.thinktalentindianext.net/user/position" "Mozilla/5.0 (X11; Linux x86_64) AppleWebKit/537.36 (KHTML, like Gecko) Chrome/54.0.2840.59 Safari/537.36"
2017-04-24T12:09:42.756Z 172.31.8.36 - - [24/Apr/2017:12:09:42 +0000] "GET /rest/user/position/user/84 HTTP/1.1" 200 1518 "https://assess.thinktalentindianext.net/user/position" "Mozilla/5.0 (X11; Linux x86_64) AppleWebKit/537.36 (KHTML, like Gecko) Chrome/54.0.2840.59 Safari/537.36"
2017-04-24T12:09:46.757Z 172.31.8.36 - - [24/Apr/2017:12:09:45 +0000] "OPTIONS /rest/user/position/185 HTTP/1.1" 200 - "https://assess.thinktalentindianext.net/user/position/185" "Mozilla/5.0 (X11; Linux x86_64) AppleWebKit/537.36 (KHTML, like Gecko) Chrome/54.0.2840.59 Safari/537.36"
2017-04-24T12:09:46.757Z 172.31.8.36 - - [24/Apr/2017:12:09:46 +0000] "GET /rest/user/position/185 HTTP/1.1" 200 948 "https://assess.thinktalentindianext.net/user/position/185" "Mozilla/5.0 (X11; Linux x86_64) AppleWebKit/537.36 (KHTML, like Gecko) Chrome/54.0.2840.59 Safari/537.36"
2017-04-24T12:10:42.789Z 172.31.8.36 - - [24/Apr/2017:12:10:41 +0000] "GET /rest/user/position/user/84 HTTP/1.1" 200 1513 "https://assess.thinktalentindianext.net/user/position" "Mozilla/5.0 (X11; Linux x86_64) AppleWebKit/537.36 (KHTML, like Gecko) Chrome/54.0.2840.59 Safari/537.36"
2017-04-24T12:10:46.790Z 172.31.8.36 - - [24/Apr/2017:12:10:45 +0000] "GET /rest/user/position/185 HTTP/1.1" 200 948 "https://assess.thinktalentindianext.net/user/position/185" "Mozilla/5.0 (X11; Linux x86_64) AppleWebKit/537.36 (KHTML, like Gecko) Chrome/54.0.2840.59 Safari/537.36"
2017-04-24T12:11:31.821Z 172.31.35.179 - - [24/Apr/2017:12:10:31 +0000] "GET /rest/client/report/175 HTTP/1.1" 502 423 "-" "Mozilla/5.0 (Windows NT 10.0; Win64; x64) AppleWebKit/537.36 (KHTML, like Gecko) Chrome/57.0.2987.133 Safari/537.36"
2017-04-24T12:11:42.830Z 172.31.8.36 - - [24/Apr/2017:12:11:41 +0000] "GET /rest/user/position/user/84 HTTP/1.1" 200 1518 "https://assess.thinktalentindianext.net/user/position" "Mozilla/5.0 (X11; Linux x86_64) AppleWebKit/537.36 (KHTML, like Gecko) Chrome/54.0.2840.59 Safari/537.36"
